dummy log
